Using pre-set license
Built from '2022.3/release' branch; Version is '2022.3.0f1 (fb119bb0b476) revision 16454043'; Using compiler version '192829333'; Build Type 'Release'
OS: 'Windows 11  (10.0.26200) 64bit Professional' Language: 'en' Physical Memory: 16068 MB
BatchMode: 1, IsHumanControllingUs: 0, StartBugReporterOnCrash: 0, Is64bit: 1, IsPro: 1

COMMAND LINE ARGUMENTS:
C:\Program Files\Unity\Hub\Editor\2022.3.0f1\Editor\Unity.exe
-adb2
-batchMode
-noUpm
-name
AssetImportWorker0
-projectPath
D:/STUDY/Unity/Game 3D
-logFile
Logs/AssetImportWorker0.log
-srvPort
<<<<<<< Updated upstream
59936
=======
58441
>>>>>>> Stashed changes
Successfully changed project path to: D:/STUDY/Unity/Game 3D
D:/STUDY/Unity/Game 3D
[UnityMemory] Configuration Parameters - Can be set up in boot.config
    "memorysetup-bucket-allocator-granularity=16"
    "memorysetup-bucket-allocator-bucket-count=8"
    "memorysetup-bucket-allocator-block-size=33554432"
    "memorysetup-bucket-allocator-block-count=8"
    "memorysetup-main-allocator-block-size=16777216"
    "memorysetup-thread-allocator-block-size=16777216"
    "memorysetup-gfx-main-allocator-block-size=16777216"
    "memorysetup-gfx-thread-allocator-block-size=16777216"
    "memorysetup-cache-allocator-block-size=4194304"
    "memorysetup-typetree-allocator-block-size=2097152"
    "memorysetup-profiler-bucket-allocator-granularity=16"
    "memorysetup-profiler-bucket-allocator-bucket-count=8"
    "memorysetup-profiler-bucket-allocator-block-size=33554432"
    "memorysetup-profiler-bucket-allocator-block-count=8"
    "memorysetup-profiler-allocator-block-size=16777216"
    "memorysetup-profiler-editor-allocator-block-size=1048576"
    "memorysetup-temp-allocator-size-main=16777216"
    "memorysetup-job-temp-allocator-block-size=2097152"
    "memorysetup-job-temp-allocator-block-size-background=1048576"
    "memorysetup-job-temp-allocator-reduction-small-platforms=262144"
    "memorysetup-allocator-temp-initial-block-size-main=262144"
    "memorysetup-allocator-temp-initial-block-size-worker=262144"
    "memorysetup-temp-allocator-size-background-worker=32768"
    "memorysetup-temp-allocator-size-job-worker=262144"
    "memorysetup-temp-allocator-size-preload-manager=33554432"
    "memorysetup-temp-allocator-size-nav-mesh-worker=65536"
    "memorysetup-temp-allocator-size-audio-worker=65536"
    "memorysetup-temp-allocator-size-cloud-worker=32768"
    "memorysetup-temp-allocator-size-gi-baking-worker=262144"
    "memorysetup-temp-allocator-size-gfx=262144"
<<<<<<< Updated upstream
Player connection [12856] Host "[IP] 192.168.1.6 [Port] 0 [Flags] 2 [Guid] 2987295486 [EditorId] 2987295486 [Version] 1048832 [Id] WindowsEditor(7,Admin-PC) [Debug] 1 [PackageName] WindowsEditor [ProjectName] Editor" joined multi-casting on [225.0.0.222:54997]...

Player connection [12856] Host "[IP] 192.168.1.6 [Port] 0 [Flags] 2 [Guid] 2987295486 [EditorId] 2987295486 [Version] 1048832 [Id] WindowsEditor(7,Admin-PC) [Debug] 1 [PackageName] WindowsEditor [ProjectName] Editor" joined alternative multi-casting on [225.0.0.222:34997]...

Refreshing native plugins compatible for Editor in 13.67 ms, found 7 plugins.
=======
Player connection [3888] Host "[IP] 192.168.1.6 [Port] 0 [Flags] 2 [Guid] 2901095879 [EditorId] 2901095879 [Version] 1048832 [Id] WindowsEditor(7,Admin-PC) [Debug] 1 [PackageName] WindowsEditor [ProjectName] Editor" joined multi-casting on [225.0.0.222:54997]...

Player connection [3888] Host "[IP] 192.168.1.6 [Port] 0 [Flags] 2 [Guid] 2901095879 [EditorId] 2901095879 [Version] 1048832 [Id] WindowsEditor(7,Admin-PC) [Debug] 1 [PackageName] WindowsEditor [ProjectName] Editor" joined alternative multi-casting on [225.0.0.222:34997]...

Refreshing native plugins compatible for Editor in 9.39 ms, found 7 plugins.
>>>>>>> Stashed changes
Preloading 0 native plugins for Editor in 0.00 ms.
Initialize engine version: 2022.3.0f1 (fb119bb0b476)
[Subsystems] Discovering subsystems at path C:/Program Files/Unity/Hub/Editor/2022.3.0f1/Editor/Data/Resources/UnitySubsystems
[Subsystems] Discovering subsystems at path D:/STUDY/Unity/Game 3D/Assets
GfxDevice: creating device client; threaded=0; jobified=0
Direct3D:
    Version:  Direct3D 11.0 [level 11.1]
    Renderer: NVIDIA GeForce RTX 4060 Laptop GPU (ID=0x28e0)
    Vendor:   NVIDIA
    VRAM:     7956 MB
    Driver:   32.0.15.9608
Initialize mono
Mono path[0] = 'C:/Program Files/Unity/Hub/Editor/2022.3.0f1/Editor/Data/Managed'
Mono path[1] = 'C:/Program Files/Unity/Hub/Editor/2022.3.0f1/Editor/Data/MonoBleedingEdge/lib/mono/unityjit-win32'
Mono config path = 'C:/Program Files/Unity/Hub/Editor/2022.3.0f1/Editor/Data/MonoBleedingEdge/etc'
<<<<<<< Updated upstream
Using monoOptions --debugger-agent=transport=dt_socket,embedding=1,server=y,suspend=n,address=127.0.0.1:56884
=======
Using monoOptions --debugger-agent=transport=dt_socket,embedding=1,server=y,suspend=n,address=127.0.0.1:56760
>>>>>>> Stashed changes
Begin MonoManager ReloadAssembly
Registering precompiled unity dll's ...
Register platform support module: C:/Program Files/Unity/Hub/Editor/2022.3.0f1/Editor/Data/PlaybackEngines/WebGLSupport/UnityEditor.WebGL.Extensions.dll
Register platform support module: C:/Program Files/Unity/Hub/Editor/2022.3.0f1/Editor/Data/PlaybackEngines/WindowsStandaloneSupport/UnityEditor.WindowsStandalone.Extensions.dll
<<<<<<< Updated upstream
Registered in 0.006477 seconds.
- Loaded All Assemblies, in  0.257 seconds
Native extension for WindowsStandalone target not found
Native extension for WebGL target not found
Mono: successfully reloaded assembly
- Finished resetting the current domain, in  0.197 seconds
Domain Reload Profiling: 453ms
	BeginReloadAssembly (67ms)
=======
Registered in 0.005426 seconds.
- Loaded All Assemblies, in  0.216 seconds
Native extension for WindowsStandalone target not found
Native extension for WebGL target not found
Mono: successfully reloaded assembly
- Finished resetting the current domain, in  0.171 seconds
Domain Reload Profiling: 386ms
	BeginReloadAssembly (57ms)
>>>>>>> Stashed changes
		ExecutionOrderSort (0ms)
		DisableScriptedObjects (0ms)
		BackupInstance (0ms)
		ReleaseScriptingObjects (0ms)
<<<<<<< Updated upstream
		CreateAndSetChildDomain (0ms)
	RebuildCommonClasses (26ms)
	RebuildNativeTypeToScriptingClass (6ms)
	initialDomainReloadingComplete (45ms)
	LoadAllAssembliesAndSetupDomain (111ms)
		LoadAssemblies (66ms)
		RebuildTransferFunctionScriptingTraits (0ms)
		AnalyzeDomain (106ms)
			TypeCache.Refresh (105ms)
				TypeCache.ScanAssembly (95ms)
			ScanForSourceGeneratedMonoScriptInfo (0ms)
			ResolveRequiredComponents (0ms)
	FinalizeReload (197ms)
		ReleaseScriptCaches (0ms)
		RebuildScriptCaches (0ms)
		SetupLoadedEditorAssemblies (153ms)
			LogAssemblyErrors (0ms)
			InitializePlatformSupportModulesInManaged (8ms)
			SetLoadedEditorAssemblies (4ms)
			RefreshPlugins (0ms)
			BeforeProcessingInitializeOnLoad (2ms)
			ProcessInitializeOnLoadAttributes (104ms)
			ProcessInitializeOnLoadMethodAttributes (36ms)
=======
		CreateAndSetChildDomain (1ms)
	RebuildCommonClasses (24ms)
	RebuildNativeTypeToScriptingClass (6ms)
	initialDomainReloadingComplete (39ms)
	LoadAllAssembliesAndSetupDomain (89ms)
		LoadAssemblies (56ms)
		RebuildTransferFunctionScriptingTraits (0ms)
		AnalyzeDomain (85ms)
			TypeCache.Refresh (85ms)
				TypeCache.ScanAssembly (77ms)
			ScanForSourceGeneratedMonoScriptInfo (0ms)
			ResolveRequiredComponents (0ms)
	FinalizeReload (171ms)
		ReleaseScriptCaches (0ms)
		RebuildScriptCaches (0ms)
		SetupLoadedEditorAssemblies (133ms)
			LogAssemblyErrors (0ms)
			InitializePlatformSupportModulesInManaged (7ms)
			SetLoadedEditorAssemblies (4ms)
			RefreshPlugins (0ms)
			BeforeProcessingInitializeOnLoad (1ms)
			ProcessInitializeOnLoadAttributes (89ms)
			ProcessInitializeOnLoadMethodAttributes (32ms)
>>>>>>> Stashed changes
			AfterProcessingInitializeOnLoad (0ms)
			EditorAssembliesLoaded (0ms)
		ExecutionOrderSort2 (0ms)
		AwakeInstancesAfterBackupRestoration (0ms)
========================================================================
Worker process is ready to serve import requests
Begin MonoManager ReloadAssembly
Symbol file LoadedFromMemory doesn't match image D:\STUDY\Unity\Game 3D\Library\PackageCache\com.unity.visualscripting@1.8.0\Editor\VisualScripting.Core\Dependencies\YamlDotNet\Unity.VisualScripting.YamlDotNet.dll
Symbol file LoadedFromMemory doesn't match image D:\STUDY\Unity\Game 3D\Library\PackageCache\com.unity.visualscripting@1.8.0\Editor\VisualScripting.Core\Dependencies\DotNetZip\Unity.VisualScripting.IonicZip.dll
<<<<<<< Updated upstream
- Loaded All Assemblies, in  0.704 seconds
Refreshing native plugins compatible for Editor in 4.42 ms, found 7 plugins.
Native extension for WindowsStandalone target not found
Native extension for WebGL target not found
Mono: successfully reloaded assembly
- Finished resetting the current domain, in  0.520 seconds
Domain Reload Profiling: 1222ms
	BeginReloadAssembly (96ms)
=======
- Loaded All Assemblies, in  0.685 seconds
Refreshing native plugins compatible for Editor in 4.76 ms, found 7 plugins.
Native extension for WindowsStandalone target not found
Native extension for WebGL target not found
Mono: successfully reloaded assembly
- Finished resetting the current domain, in  0.501 seconds
Domain Reload Profiling: 1185ms
	BeginReloadAssembly (97ms)
>>>>>>> Stashed changes
		ExecutionOrderSort (0ms)
		DisableScriptedObjects (4ms)
		BackupInstance (0ms)
		ReleaseScriptingObjects (0ms)
		CreateAndSetChildDomain (15ms)
<<<<<<< Updated upstream
	RebuildCommonClasses (24ms)
	RebuildNativeTypeToScriptingClass (7ms)
	initialDomainReloadingComplete (25ms)
	LoadAllAssembliesAndSetupDomain (551ms)
		LoadAssemblies (311ms)
		RebuildTransferFunctionScriptingTraits (0ms)
		AnalyzeDomain (286ms)
			TypeCache.Refresh (258ms)
				TypeCache.ScanAssembly (249ms)
			ScanForSourceGeneratedMonoScriptInfo (21ms)
			ResolveRequiredComponents (7ms)
	FinalizeReload (520ms)
		ReleaseScriptCaches (0ms)
		RebuildScriptCaches (0ms)
		SetupLoadedEditorAssemblies (381ms)
=======
	RebuildCommonClasses (25ms)
	RebuildNativeTypeToScriptingClass (7ms)
	initialDomainReloadingComplete (24ms)
	LoadAllAssembliesAndSetupDomain (531ms)
		LoadAssemblies (295ms)
		RebuildTransferFunctionScriptingTraits (0ms)
		AnalyzeDomain (284ms)
			TypeCache.Refresh (254ms)
				TypeCache.ScanAssembly (244ms)
			ScanForSourceGeneratedMonoScriptInfo (22ms)
			ResolveRequiredComponents (7ms)
	FinalizeReload (502ms)
		ReleaseScriptCaches (0ms)
		RebuildScriptCaches (0ms)
		SetupLoadedEditorAssemblies (369ms)
>>>>>>> Stashed changes
			LogAssemblyErrors (0ms)
			InitializePlatformSupportModulesInManaged (5ms)
			SetLoadedEditorAssemblies (4ms)
			RefreshPlugins (0ms)
<<<<<<< Updated upstream
			BeforeProcessingInitializeOnLoad (57ms)
			ProcessInitializeOnLoadAttributes (233ms)
			ProcessInitializeOnLoadMethodAttributes (74ms)
			AfterProcessingInitializeOnLoad (7ms)
			EditorAssembliesLoaded (0ms)
		ExecutionOrderSort2 (0ms)
		AwakeInstancesAfterBackupRestoration (6ms)
Launched and connected shader compiler UnityShaderCompiler.exe after 0.06 seconds
Refreshing native plugins compatible for Editor in 4.08 ms, found 7 plugins.
Preloading 0 native plugins for Editor in 0.00 ms.
Unloading 5995 Unused Serialized files (Serialized files now loaded: 0)
Unloading 93 unused Assets / (354.5 KB). Loaded Objects now: 6458.
Memory consumption went from 238.8 MB to 238.4 MB.
Total: 3.309700 ms (FindLiveObjects: 0.413500 ms CreateObjectMapping: 0.139100 ms MarkObjects: 2.513800 ms  DeleteObjects: 0.241700 ms)
=======
			BeforeProcessingInitializeOnLoad (55ms)
			ProcessInitializeOnLoadAttributes (240ms)
			ProcessInitializeOnLoadMethodAttributes (60ms)
			AfterProcessingInitializeOnLoad (5ms)
			EditorAssembliesLoaded (0ms)
		ExecutionOrderSort2 (0ms)
		AwakeInstancesAfterBackupRestoration (5ms)
Launched and connected shader compiler UnityShaderCompiler.exe after 0.06 seconds
Refreshing native plugins compatible for Editor in 3.96 ms, found 7 plugins.
Preloading 0 native plugins for Editor in 0.00 ms.
Unloading 5997 Unused Serialized files (Serialized files now loaded: 0)
Unloading 93 unused Assets / (356.0 KB). Loaded Objects now: 6465.
Memory consumption went from 240.3 MB to 239.9 MB.
Total: 3.345500 ms (FindLiveObjects: 0.308700 ms CreateObjectMapping: 0.145400 ms MarkObjects: 2.650500 ms  DeleteObjects: 0.239600 ms)
>>>>>>> Stashed changes

AssetImportParameters requested are different than current active one (requested -> active):
  custom:container-demuxer-ogg: 62fdf1f143b41e24485cea50d1cbac27 -> 
  custom:video-codec-MediaFoundation-h265: 746d11721c4dcdbdad8f713fa42b33f4 -> 
  custom:video-decoder-ogg-theora: a1e56fd34408186e4bbccfd4996cb3dc -> 
  custom:framework-win-MediaFoundation: 216162199b28c13a410421893ffa2e32 -> 
  custom:container-demuxer-webm: 4f35f7cbe854078d1ac9338744f61a02 -> 
  custom:container-muxer-webm: aa71ff27fc2769a1b78a27578f13a17b -> 
  custom:video-decoder-webm-vp8: 9c59270c3fd7afecdb556c50c9e8de78 -> 
  custom:AudioImporter_EditorPlatform: d09bf68614088b80899f8185d706f6e7 -> 
  custom:video-encoder-webm-vp8: eb34c28f22e8b96e1ab97ce403110664 -> 
  custom:audio-decoder-ogg-vorbis: bf7c407c2cedff20999df2af8eb42d56 -> 
  custom:audio-encoder-webm-vorbis: bf7c407c2cedff20999df2af8eb42d56 -> 
========================================================================
Received Import Request.
<<<<<<< Updated upstream
  Time since last request: 4074.400265 seconds.
  path: Assets/Game_3D/Scenes_/Main Menu.unity
  artifactKey: Guid(bada17d6572f4c043955af55dec5e490) Importer(815301076,1909f56bfc062723c751e8b465ee728b)
Start importing Assets/Game_3D/Scenes_/Main Menu.unity using Guid(bada17d6572f4c043955af55dec5e490) Importer(815301076,1909f56bfc062723c751e8b465ee728b)  -> (artifact id: '65e827ba488b3d8b812e44725e3547f6') in 0.001808 seconds
=======
  Time since last request: 1660.131709 seconds.
  path: Assets/Scene 1.unity
  artifactKey: Guid(337637671e1b0cf49ac385710182ac82) Importer(815301076,1909f56bfc062723c751e8b465ee728b)
Start importing Assets/Scene 1.unity using Guid(337637671e1b0cf49ac385710182ac82) Importer(815301076,1909f56bfc062723c751e8b465ee728b)  -> (artifact id: '14329a76da6761ebfccd976efd5b9d6a') in 0.002346 seconds
>>>>>>> Stashed changes
Number of updated asset objects reloaded before import = 0
Number of asset objects unloaded after import = 0
========================================================================
Received Import Request.
<<<<<<< Updated upstream
  Time since last request: 24.169754 seconds.
  path: Assets/Game_3D/Scenes_/Scene 1.unity
  artifactKey: Guid(337637671e1b0cf49ac385710182ac82) Importer(815301076,1909f56bfc062723c751e8b465ee728b)
Start importing Assets/Game_3D/Scenes_/Scene 1.unity using Guid(337637671e1b0cf49ac385710182ac82) Importer(815301076,1909f56bfc062723c751e8b465ee728b)  -> (artifact id: '04eca97e7b92cd91c6ae39069f8e2f5b') in 0.000529 seconds
Number of updated asset objects reloaded before import = 0
Number of asset objects unloaded after import = 0
========================================================================
Received Import Request.
  Time since last request: 1.461186 seconds.
  path: Assets/Game_3D/Scenes_/Scene 2.unity
  artifactKey: Guid(aad0b92eaa7a3514c931f9eb8c3e484b) Importer(815301076,1909f56bfc062723c751e8b465ee728b)
Start importing Assets/Game_3D/Scenes_/Scene 2.unity using Guid(aad0b92eaa7a3514c931f9eb8c3e484b) Importer(815301076,1909f56bfc062723c751e8b465ee728b)  -> (artifact id: '19d8bab81680a3d891f54607aa411e82') in 0.000611 seconds
=======
  Time since last request: 4.694812 seconds.
  path: Assets/Scene 2.unity
  artifactKey: Guid(aad0b92eaa7a3514c931f9eb8c3e484b) Importer(815301076,1909f56bfc062723c751e8b465ee728b)
Start importing Assets/Scene 2.unity using Guid(aad0b92eaa7a3514c931f9eb8c3e484b) Importer(815301076,1909f56bfc062723c751e8b465ee728b)  -> (artifact id: '7971a4a043e53c9d9c02752d36f4ecea') in 0.000645 seconds
>>>>>>> Stashed changes
Number of updated asset objects reloaded before import = 0
Number of asset objects unloaded after import = 0
========================================================================
Received Import Request.
  Time since last request: 41.322792 seconds.
  path: Assets/Game_3D/Scenes_/Scene 1.unity
  artifactKey: Guid(e9037575dd0818f49aea000ed990349f) Importer(815301076,1909f56bfc062723c751e8b465ee728b)
Start importing Assets/Game_3D/Scenes_/Scene 1.unity using Guid(e9037575dd0818f49aea000ed990349f) Importer(815301076,1909f56bfc062723c751e8b465ee728b)  -> (artifact id: '326600582572ce115caedf62ecd130a7') in 0.000422 seconds
Number of updated asset objects reloaded before import = 0
Number of asset objects unloaded after import = 0
========================================================================
Received Import Request.
  Time since last request: 106.009707 seconds.
  path: Assets/Game_3D/Scenes_/Scene 1.unity
  artifactKey: Guid(e9037575dd0818f49aea000ed990349f) Importer(815301076,1909f56bfc062723c751e8b465ee728b)
Start importing Assets/Game_3D/Scenes_/Scene 1.unity using Guid(e9037575dd0818f49aea000ed990349f) Importer(815301076,1909f56bfc062723c751e8b465ee728b)  -> (artifact id: '96af178ec3e9ac14428dd1ffd2ef8811') in 0.000699 seconds
Number of updated asset objects reloaded before import = 0
Number of asset objects unloaded after import = 0
========================================================================
Received Import Request.
  Time since last request: 1.487007 seconds.
  path: Assets/Game_3D/Scenes_/Scene 2.unity
  artifactKey: Guid(5a31f8efd0048ec488e969e04fbd238b) Importer(815301076,1909f56bfc062723c751e8b465ee728b)
Start importing Assets/Game_3D/Scenes_/Scene 2.unity using Guid(5a31f8efd0048ec488e969e04fbd238b) Importer(815301076,1909f56bfc062723c751e8b465ee728b)  -> (artifact id: 'c75eac9c393f10cb9cba05b9eb133eb8') in 0.000480 seconds
Number of updated asset objects reloaded before import = 0
Number of asset objects unloaded after import = 0
========================================================================
Received Import Request.
  Time since last request: 471.597329 seconds.
  path: Assets/Scene 2.unity
  artifactKey: Guid(aad0b92eaa7a3514c931f9eb8c3e484b) Importer(815301076,1909f56bfc062723c751e8b465ee728b)
Start importing Assets/Scene 2.unity using Guid(aad0b92eaa7a3514c931f9eb8c3e484b) Importer(815301076,1909f56bfc062723c751e8b465ee728b)  -> (artifact id: '5efac1dd0c451c81fb9ad61172246714') in 0.000861 seconds
Number of updated asset objects reloaded before import = 0
Number of asset objects unloaded after import = 0
========================================================================
Received Import Request.
  Time since last request: 6.933272 seconds.
  path: Assets/Game_3D/Scenes_/Scene 2.unity
  artifactKey: Guid(5a31f8efd0048ec488e969e04fbd238b) Importer(815301076,1909f56bfc062723c751e8b465ee728b)
Start importing Assets/Game_3D/Scenes_/Scene 2.unity using Guid(5a31f8efd0048ec488e969e04fbd238b) Importer(815301076,1909f56bfc062723c751e8b465ee728b)  -> (artifact id: 'f96c0e5a6eef47743fa27fa6e71bc722') in 0.000462 seconds
Number of updated asset objects reloaded before import = 0
Number of asset objects unloaded after import = 0
========================================================================
Received Import Request.
  Time since last request: 63.552853 seconds.
  path: Assets/VFX/RainSnowCloudEffect/Materials/M_Snow_Main_URP.mat
  artifactKey: Guid(3b25874971a66e54c94d0a1db735f33a) Importer(815301076,1909f56bfc062723c751e8b465ee728b)
Start importing Assets/VFX/RainSnowCloudEffect/Materials/M_Snow_Main_URP.mat using Guid(3b25874971a66e54c94d0a1db735f33a) Importer(815301076,1909f56bfc062723c751e8b465ee728b)  -> (artifact id: 'ce9eca9c0c379fa4e4a9af46913f854c') in 0.002177 seconds
Number of updated asset objects reloaded before import = 0
Number of asset objects unloaded after import = 1
========================================================================
Received Import Request.
  Time since last request: 211.630884 seconds.
  path: Assets/Game_3D/Scenes_/Scene 1.unity
  artifactKey: Guid(e9037575dd0818f49aea000ed990349f) Importer(815301076,1909f56bfc062723c751e8b465ee728b)
Start importing Assets/Game_3D/Scenes_/Scene 1.unity using Guid(e9037575dd0818f49aea000ed990349f) Importer(815301076,1909f56bfc062723c751e8b465ee728b)  -> (artifact id: 'fcd18054718918d400a35ce58f497b2a') in 0.000836 seconds
Number of updated asset objects reloaded before import = 0
Number of asset objects unloaded after import = 0
========================================================================
Received Import Request.
  Time since last request: 69.173863 seconds.
  path: Assets/Game_3D/Scenes_/Downloads
  artifactKey: Guid(d5250a215adfd1946b3f869963d30610) Importer(815301076,1909f56bfc062723c751e8b465ee728b)
Start importing Assets/Game_3D/Scenes_/Downloads using Guid(d5250a215adfd1946b3f869963d30610) Importer(815301076,1909f56bfc062723c751e8b465ee728b)  -> (artifact id: '484742e4328ecd663313f08e1cfcc956') in 0.000478 seconds
Number of updated asset objects reloaded before import = 0
Number of asset objects unloaded after import = 0
========================================================================
Received Import Request.
  Time since last request: 10.207359 seconds.
  path: Assets/Game_3D/Scenes_/New Folder/New Folder
  artifactKey: Guid(0ccb7b1ac9b96f04190382f1e72acf81) Importer(815301076,1909f56bfc062723c751e8b465ee728b)
Start importing Assets/Game_3D/Scenes_/New Folder/New Folder using Guid(0ccb7b1ac9b96f04190382f1e72acf81) Importer(815301076,1909f56bfc062723c751e8b465ee728b)  -> (artifact id: '54de1d4cd777ca7a209d7114280ba4dc') in 0.000576 seconds
Number of updated asset objects reloaded before import = 0
Number of asset objects unloaded after import = 0
========================================================================
Received Import Request.
  Time since last request: 0.795701 seconds.
  path: Assets/Game_3D/Scenes_/New Folder
  artifactKey: Guid(0be6de87fd149934f8fb435791c1aa58) Importer(815301076,1909f56bfc062723c751e8b465ee728b)
Start importing Assets/Game_3D/Scenes_/New Folder using Guid(0be6de87fd149934f8fb435791c1aa58) Importer(815301076,1909f56bfc062723c751e8b465ee728b)  -> (artifact id: '7670575604ba3fd3515cc4e9937d475f') in 0.000645 seconds
Number of updated asset objects reloaded before import = 0
Number of asset objects unloaded after import = 0
========================================================================
Received Import Request.
  Time since last request: 9.831161 seconds.
  path: Assets/main menu/GIAOOO
  artifactKey: Guid(5927ca6bd4ab8294ab91b4bb92a0daf6) Importer(815301076,1909f56bfc062723c751e8b465ee728b)
Start importing Assets/main menu/GIAOOO using Guid(5927ca6bd4ab8294ab91b4bb92a0daf6) Importer(815301076,1909f56bfc062723c751e8b465ee728b)  -> (artifact id: '38d88ffaec14fc8c859ba765cc838057') in 0.000617 seconds
Number of updated asset objects reloaded before import = 0
Number of asset objects unloaded after import = 0
========================================================================
Received Import Request.
  Time since last request: 6.358123 seconds.
  path: Assets/main menu
  artifactKey: Guid(d181cbdc9e7a6ef4a8e0a51aefbae1d4) Importer(815301076,1909f56bfc062723c751e8b465ee728b)
Start importing Assets/main menu using Guid(d181cbdc9e7a6ef4a8e0a51aefbae1d4) Importer(815301076,1909f56bfc062723c751e8b465ee728b)  -> (artifact id: '48339544641b283020e989a12c0d80d2') in 0.000474 seconds
Number of updated asset objects reloaded before import = 0
Number of asset objects unloaded after import = 0
========================================================================
Received Prepare
Begin MonoManager ReloadAssembly
Symbol file LoadedFromMemory doesn't match image D:\STUDY\Unity\Game 3D\Library\PackageCache\com.unity.visualscripting@1.8.0\Editor\VisualScripting.Core\Dependencies\YamlDotNet\Unity.VisualScripting.YamlDotNet.dll
Symbol file LoadedFromMemory doesn't match image D:\STUDY\Unity\Game 3D\Library\PackageCache\com.unity.visualscripting@1.8.0\Editor\VisualScripting.Core\Dependencies\DotNetZip\Unity.VisualScripting.IonicZip.dll
- Loaded All Assemblies, in  0.669 seconds
Refreshing native plugins compatible for Editor in 5.76 ms, found 7 plugins.
Native extension for WindowsStandalone target not found
Native extension for WebGL target not found
Mono: successfully reloaded assembly
- Finished resetting the current domain, in  1.544 seconds
Domain Reload Profiling: 2212ms
	BeginReloadAssembly (113ms)
		ExecutionOrderSort (0ms)
		DisableScriptedObjects (8ms)
		BackupInstance (0ms)
		ReleaseScriptingObjects (0ms)
		CreateAndSetChildDomain (36ms)
	RebuildCommonClasses (22ms)
	RebuildNativeTypeToScriptingClass (6ms)
	initialDomainReloadingComplete (22ms)
	LoadAllAssembliesAndSetupDomain (505ms)
		LoadAssemblies (289ms)
		RebuildTransferFunctionScriptingTraits (0ms)
		AnalyzeDomain (255ms)
			TypeCache.Refresh (241ms)
				TypeCache.ScanAssembly (231ms)
			ScanForSourceGeneratedMonoScriptInfo (5ms)
			ResolveRequiredComponents (9ms)
	FinalizeReload (1545ms)
		ReleaseScriptCaches (0ms)
		RebuildScriptCaches (0ms)
		SetupLoadedEditorAssemblies (273ms)
			LogAssemblyErrors (0ms)
			InitializePlatformSupportModulesInManaged (6ms)
			SetLoadedEditorAssemblies (3ms)
			RefreshPlugins (0ms)
			BeforeProcessingInitializeOnLoad (49ms)
			ProcessInitializeOnLoadAttributes (165ms)
			ProcessInitializeOnLoadMethodAttributes (43ms)
			AfterProcessingInitializeOnLoad (6ms)
			EditorAssembliesLoaded (0ms)
		ExecutionOrderSort2 (0ms)
		AwakeInstancesAfterBackupRestoration (14ms)
Refreshing native plugins compatible for Editor in 3.91 ms, found 7 plugins.
Preloading 0 native plugins for Editor in 0.00 ms.
Unloading 5815 Unused Serialized files (Serialized files now loaded: 0)
Unloading 56 unused Assets / (325.0 KB). Loaded Objects now: 6472.
Memory consumption went from 204.2 MB to 203.8 MB.
Total: 2.663500 ms (FindLiveObjects: 0.287900 ms CreateObjectMapping: 0.132900 ms MarkObjects: 2.146300 ms  DeleteObjects: 0.095800 ms)

Prepare: number of updated asset objects reloaded= 0
AssetImportParameters requested are different than current active one (requested -> active):
  custom:container-demuxer-ogg: 62fdf1f143b41e24485cea50d1cbac27 -> 
  custom:video-codec-MediaFoundation-h265: 746d11721c4dcdbdad8f713fa42b33f4 -> 
  custom:video-decoder-ogg-theora: a1e56fd34408186e4bbccfd4996cb3dc -> 
  custom:framework-win-MediaFoundation: 216162199b28c13a410421893ffa2e32 -> 
  custom:container-demuxer-webm: 4f35f7cbe854078d1ac9338744f61a02 -> 
  custom:container-muxer-webm: aa71ff27fc2769a1b78a27578f13a17b -> 
  custom:video-decoder-webm-vp8: 9c59270c3fd7afecdb556c50c9e8de78 -> 
  custom:AudioImporter_EditorPlatform: d09bf68614088b80899f8185d706f6e7 -> 
  custom:video-encoder-webm-vp8: eb34c28f22e8b96e1ab97ce403110664 -> 
  custom:audio-decoder-ogg-vorbis: bf7c407c2cedff20999df2af8eb42d56 -> 
  custom:audio-encoder-webm-vorbis: bf7c407c2cedff20999df2af8eb42d56 -> 
